2025-12-21T15:36:37.699Z INFO: {auth} [201] utenten registrato con successo
2025-12-21T15:37:39.534Z INFO: {auth} [200] token generato con successo
2025-12-21T15:37:45.342Z ERROR: {middleware} [401] Accesso negato. Token mancante.
2025-12-21T15:38:46.932Z INFO: {auth} [200] token generato con successo
2025-12-21T15:38:50.106Z INFO: {auth} [200] Nuovo token generato con successo
2025-12-21T15:41:02.264Z INFO: {auth} [201] avatar aggiornato con successo
2025-12-21T15:41:18.203Z INFO: {auth} [200] Utente ${userId} ha aggiornato il profilo
2025-12-21T15:43:40.426Z INFO: {auth} [200] QR generato con successo
2025-12-21T15:44:01.818Z INFO: {auth} [201] utenten registrato con successo
2025-12-21T15:44:38.347Z INFO: {auth} [200] token generato con successo
2025-12-21T15:44:49.562Z INFO: {profile} [200] Richiesta amicizia inviata a Fre007
2025-12-21T15:44:50.071Z INFO: {profile} [200] Dati profilo recuperati con successo
2025-12-21T15:45:14.576Z INFO: {auth} [200] Logout effettuato con successo
2025-12-21T15:45:22.000Z INFO: {auth} [200] token generato con successo
2025-12-21T15:45:29.749Z INFO: {profile} [200] Richiesta amicizia accettata per Fre007
2025-12-21T15:45:30.257Z INFO: {profile} [200] Dati profilo recuperati con successo
2025-12-21T15:45:37.435Z INFO: {profile} [200] Richiesta amicizia accettata per Fre0077
2025-12-21T15:45:37.942Z INFO: {profile} [200] Dati profilo recuperati con successo
2025-12-21T15:45:45.330Z INFO: {profile} [200] Dati profilo recuperati con successo
2025-12-21T17:36:46.982Z INFO: {chat} Chat list returned
2025-12-21T17:40:22.919Z INFO: {auth} [200] token generato con successo
2025-12-21T17:40:24.773Z INFO: {chat} Chat list returned
2025-12-21T17:44:46.419Z INFO: {chat} Chat list returned
2025-12-21T17:44:51.481Z ERROR: {chat} [500] errore interno del server
2025-12-21T17:45:03.416Z INFO: {chat} Chat list returned
2025-12-21T18:25:25.572Z INFO: {auth} [200] token generato con successo
2025-12-21T18:25:27.474Z INFO: {chat} Chat list returned
2025-12-21T18:27:38.876Z INFO: {auth} [200] token generato con successo
2025-12-21T18:27:40.662Z INFO: {chat} Chat list returned
2025-12-21T18:28:11.417Z ERROR: {chat} [404] Host user "1" does not exist
2025-12-21T18:29:51.201Z INFO: {auth} [200] token generato con successo
2025-12-21T18:29:52.316Z INFO: {chat} Chat list returned
2025-12-21T18:29:59.784Z ERROR: {chat} [404] Host user "1" does not exist
2025-12-21T18:30:01.223Z ERROR: {chat} [404] Host user "1" does not exist
2025-12-21T18:30:01.401Z ERROR: {chat} [404] Host user "1" does not exist
2025-12-21T18:30:01.572Z ERROR: {chat} [404] Host user "1" does not exist
2025-12-21T18:30:01.753Z ERROR: {chat} [404] Host user "1" does not exist
2025-12-21T18:30:08.506Z INFO: {chat} Chat list returned
2025-12-21T18:30:10.642Z INFO: {chat} [200] chat creata con successo
2025-12-21T18:30:17.937Z INFO: {chat} lista dei messaggi ritornati con successo
2025-12-21T18:30:22.924Z INFO: {chat} Message list returned
2025-12-21T18:30:22.926Z INFO: {chat} [200] request eseguita con successo
2025-12-22T11:45:10.994Z INFO: {auth} [200] token generato con successo
2025-12-22T11:45:37.203Z INFO: {auth} [200] token generato con successo
2025-12-29T23:30:11.668Z INFO: {auth} [201] utente registrato con successo
